// Jest Snapshot v1, https://goo.gl/fbAQLP

exports[`Verify GameLog layout template Verify parameter provided logs are rendered correctly 1`] = `
<div
  className="container"
>
  <ul />
</div>
`;
