// Jest Snapshot v1, https://goo.gl/fbAQLP

exports[`Verify gameboard layout template Gameboard should render correctly 1`] = `
<div>
  <br />
  <h4>
    Room_1234
  </h4>
  <div
    className="container"
  >
    <div
      className="row"
    >
      <div
        className="col-sm"
      >
        <DiceRoller
          currentRoom="Room_1234"
          currentUser="Guest_1234"
        />
      </div>
      <div
        className="col-sm"
      >
        <GameConsole />
      </div>
      <div
        className="col-sm"
      >
        <p>
          Chatroom Placeholder
        </p>
      </div>
    </div>
  </div>
</div>
`;
