// Jest Snapshot v1, https://goo.gl/fbAQLP

exports[`Verify player value template Player values should be rendered correctly 1`] = `
<div>
  <div
    className="container"
  >
    <div
      className="row"
    >
      <div
        className="col-sm player-border"
      >
        <h2 />
        <p>
          them
        </p>
        <div
          className="player-values"
        >
          <p>
            Victory Points:
            <span
              className="badge badge-light"
            />
            <img
              alt=""
              src="Star.png"
            />
          </p>
          <p>
            Health:
            <span
              className="badge badge-light"
            />
            <img
              alt=""
              src="Heart.gif"
            />
          </p>
          <p>
            Energy:
            <span
              className="badge badge-light"
            />
            <img
              alt=""
              src="Energy.png"
            />
          </p>
          <p>
            In/Out of Tokyo:
            <span
              className="badge badge-warning"
            />
          </p>
        </div>
      </div>
      <div
        className="col-sm"
      >
        <PlayerHandDisplay />
      </div>
    </div>
  </div>
</div>
`;
